V1Directive "/dts-v1/"
Semicolon ";"
Whitespace "\n\n"
Slash "/"
Whitespace " "
LCurly "{"
Whitespace "\n  "
Ident "model"
Whitespace " "
Equals "="
Whitespace " "
String "\"Qualcomm Technologies, Inc. Lagoon MTP Ebba\""
Semicolon ";"
Whitespace "\n\t"
Ident "compatible"
Whitespace " "
Equals "="
Whitespace " "
String "\"qcom,lagoon-mtp\""
Comma ","
Whitespace " "
String "\"qcom,lagoon\""
Comma ","
Whitespace " "
String "\"qcom,mtp\""
Semicolon ";"
Whitespace "\n\t"
Ident "qcom"
Comma ","
Ident "msm"
Minus "-"
Ident "id"
Whitespace " "
Equals "="
Whitespace " "
LAngle "<"
Number "434"
Whitespace " "
Number "0x10000"
RAngle ">"
Comma ","
Whitespace " "
LAngle "<"
Number "459"
Whitespace " "
Number "0x10000"
RAngle ">"
Semicolon ";"
Whitespace "\n\t"
Ident "interrupt"
Minus "-"
Ident "parent"
Whitespace " "
Equals "="
Whitespace " "
LAngle "<"
Number "0x01"
RAngle ">"
Semicolon ";"
Whitespace "\n\t"
Ident "#address"
Minus "-"
Ident "cells"
Whitespace " "
Equals "="
Whitespace " "
LAngle "<"
Number "0x02"
RAngle ">"
Semicolon ";"
Whitespace "\n\t"
Ident "#size"
Minus "-"
Ident "cells"
Whitespace " "
Equals "="
Whitespace " "
LAngle "<"
Number "0x02"
RAngle ">"
Semicolon ";"
Whitespace "\n\t"
Ident "qcom"
Comma ","
Ident "board"
Minus "-"
Ident "id"
Whitespace " "
Equals "="
Whitespace " "
LAngle "<"
Number "8"
Whitespace " "
Number "0"
RAngle ">"
Semicolon ";"
Whitespace "\n\t"
Ident "oplus"
Comma ","
Ident "dtsi_no"
Whitespace " "
Equals "="
Whitespace " "
LAngle "<"
Number "20813"
RAngle ">"
Semicolon ";"
Whitespace "\n\n\t"
Ident "memory"
Whitespace " "
LCurly "{"
Whitespace "\n\t\t"
Ident "ddr_device_type"
Whitespace " "
Equals "="
Whitespace " "
LAngle "<"
Number "0x07"
RAngle ">"
Semicolon ";"
Whitespace "\n\t\t"
Ident "device_type"
Whitespace " "
Equals "="
Whitespace " "
String "\"memory\""
Semicolon ";"
Whitespace "\n\t\t"
Ident "reg"
Whitespace " "
Equals "="
Whitespace " "
LAngle "<"
Number "0x00"
Whitespace " "
Number "0x80000000"
Whitespace " "
Number "0x00"
Whitespace " "
Number "0x3bb00000"
Whitespace " "
Number "0x01"
Whitespace " "
Number "0x80000000"
Whitespace " "
Number "0x01"
Whitespace " "
Number "0x00"
Whitespace " "
Number "0x00"
Whitespace " "
Number "0xc0000000"
Whitespace " "
Number "0x00"
Whitespace " "
Number "0xc0000000"
RAngle ">"
Semicolon ";"
Whitespace "\n\t"
RCurly "}"
Semicolon ";"
Whitespace "\n\n  "
Ident "a"
Colon ":"
Whitespace " "
Ident "foo"
Whitespace " "
LCurly "{"
Whitespace "\n    "
Ident "setting"
Whitespace " "
Equals "="
Whitespace " "
LAngle "<"
Number "2"
RAngle ">"
Semicolon ";"
Whitespace "\n  "
RCurly "}"
Semicolon ";"
Whitespace "\n\n  "
Ident "bar"
Whitespace " "
LCurly "{"
Whitespace "\n    "
Ident "ref"
Minus "-"
Ident "to"
Minus "-"
Ident "foo"
Whitespace " "
Equals "="
Whitespace " "
LAngle "<"
Ampersand "&"
Ident "a"
RAngle ">"
Semicolon ";"
Whitespace "\n    "
Ident "empty"
Semicolon ";"
Whitespace "\n  "
RCurly "}"
Semicolon ";"
Whitespace "\n\n  "
LineComment "//foo"
Whitespace "\n  "
BlockComment "/* bar */"
Whitespace "\n"
RCurly "}"
Semicolon ";"
Whitespace "\n"
