V1Directive "/dts-v1/"
Semicolon ";"
Whitespace "\n\n"
LineComment "// Try line comment"
Whitespace "\n"
DefineDirective "#define SQUARE(x) ((x) * (x)) // This macro squares a number"
Whitespace "\n\n"
LineComment "// Try block comment"
Whitespace "\n"
DefineDirective "#define MULTIPLY(a, b) /* Multiplies two numbers */ \\\n                       ((a) * (b))\n"
Whitespace "\n"
LineComment "// Real macro from the Linux kernel, try multiline block comment"
Whitespace "\n"
DefineDirective "#define KEY_SWITCHVIDEOMODE\t227\t/* Cycle between available video\n\t\t\t\t\t   outputs (Monitor/LCD/TV-out/etc) */"
Whitespace "\n\n"
LineComment "// This is invalid in GCC"
Whitespace "\n"
DefineDirective "#define FOO \"a\nb\""
Whitespace "\n"
LineComment "// Try multiline strings"
Whitespace "\n"
DefineDirective "#define FOO \"a\\\nb\""
Whitespace "\n"
DefineDirective "#define FOO \"a\\\\\nb\""
Whitespace "\n"
DefineDirective "#define FOO \"a\\\"b\""
Whitespace "\n"
DefineDirective "#define FOO \"a\\\\\"b\""
Whitespace "\n"
LineComment "// Try starting comments in literals"
Whitespace "\n"
DefineDirective "#define FOO \"/*\""
Whitespace "\n"
DefineDirective "#define FOO \"//\""
Whitespace "\n"
DefineDirective "#define FOO '/*'"
Whitespace "\n"
DefineDirective "#define FOO '//'"
Whitespace "\n"
