V1Directive "/dts-v1/"
Semicolon ";"
Whitespace "\n\n"
LineComment "// Try line comment"
Whitespace "\n"
IfDirective "#if 1 // This macro squares a number"
Whitespace "\n"
Slash "/"
Whitespace " "
LCurly "{"
RCurly "}"
Semicolon ";"
Whitespace "\n"
ElifDirective "#elif FOO"
Whitespace "\n"
ElseDirective "#else BAR"
Whitespace "\n"
Ampersand "&"
Ident "do_something"
Whitespace " "
LCurly "{"
RCurly "}"
Semicolon ";"
Whitespace "\n"
EndifDirective "#endif"
Whitespace "\n\n"
LineComment "// Try block comment"
Whitespace "\n"
IfDirective "#if /* Multiplies\ntwo numbers */ \\\n  ((a) * (b))\n"
Slash "/"
Whitespace " "
LCurly "{"
RCurly "}"
Semicolon ";"
Whitespace "\n"
EndifDirective "#endif"
Whitespace "\n\n"
IncludeDirective "#include \\\n  \"filename\"\n"
